[     121ms] [LOG] [Fast Refresh] rebuilding @ http://localhost:3000/_next/static/chunks/0im5_next_dist_0~_dl5p._.js:2431
[     202ms] [LOG] [Fast Refresh] done in 192ms @ http://localhost:3000/_next/static/chunks/0im5_next_dist_0~_dl5p._.js:2431
[     233ms] [INFO] %cDownload the React DevTools for a better development experience: https://react.dev/link/react-devtools font-weight:bold @ http://localhost:3000/_next/static/chunks/0im5_next_dist_0~_dl5p._.js:2431
[     251ms] [LOG] [HMR] connected @ http://localhost:3000/_next/static/chunks/0im5_next_dist_0~_dl5p._.js:2431
[     542ms] [LOG] DEBUG POTENCIA B580: {benchmarkTotal: 1545.0947368421052, vramTotal: 975, chipTotal: 543.35, totalPoints: 3063.444736842105, rawScore: 3.063444736842105} @ http://localhost:3000/_next/static/chunks/0im5_next_dist_0~_dl5p._.js:2431
[     549ms] [LOG] DEBUG POTENCIA B580: {benchmarkTotal: 1545.0947368421052, vramTotal: 975, chipTotal: 543.35, totalPoints: 3063.444736842105, rawScore: 3.063444736842105} @ http://localhost:3000/_next/static/chunks/0im5_next_dist_0~_dl5p._.js:2431
[   53862ms] [LOG] [Fast Refresh] rebuilding @ http://localhost:3000/_next/static/chunks/0im5_next_dist_0~_dl5p._.js:2431
[   53887ms] [LOG] [Fast Refresh] done in 79ms @ http://localhost:3000/_next/static/chunks/0im5_next_dist_0~_dl5p._.js:2431
[   53993ms] [LOG] [Fast Refresh] rebuilding @ http://localhost:3000/_next/static/chunks/0im5_next_dist_0~_dl5p._.js:2431
[   54287ms] [LOG] [Fast Refresh] done in 399ms @ http://localhost:3000/_next/static/chunks/0im5_next_dist_0~_dl5p._.js:2431
[   54331ms] ReferenceError: Cannot access 'rayTracingScore' before initialization
    at calculatePotencyScore (http://localhost:3000/_next/static/chunks/src_0i3~ne9._.js?id=%255Bproject%255D%252Fsrc%252Flib%252Fscoring%252Fcalculations%252Fgpu%252Fpotency.ts+%255Bapp-client%255D+%2528ecmascript%2529:41:36)
    at calculateGpuNotes (http://localhost:3000/_next/static/chunks/src_0i3~ne9._.js:3051:205)
    at getComponentNotes (http://localhost:3000/_next/static/chunks/src_0i3~ne9._.js:3707:196)
    at NotesCard (http://localhost:3000/_next/static/chunks/src_0i3~ne9._.js:3812:198)
    at Object.react_stack_bottom_frame (http://localhost:3000/_next/static/chunks/0im5_next_dist_compiled_react-dom_0luqc1q._.js:15037:24)
    at renderWithHooks (http://localhost:3000/_next/static/chunks/0im5_next_dist_compiled_react-dom_0luqc1q._.js:4620:24)
    at updateFunctionComponent (http://localhost:3000/_next/static/chunks/0im5_next_dist_compiled_react-dom_0luqc1q._.js:6081:21)
    at beginWork (http://localhost:3000/_next/static/chunks/0im5_next_dist_compiled_react-dom_0luqc1q._.js:6691:24)
    at runWithFiberInDEV (http://localhost:3000/_next/static/chunks/0im5_next_dist_compiled_react-dom_0luqc1q._.js:965:74)
    at performUnitOfWork (http://localhost:3000/_next/static/chunks/0im5_next_dist_compiled_react-dom_0luqc1q._.js:9555:97)
    at workLoopSync (http://localhost:3000/_next/static/chunks/0im5_next_dist_compiled_react-dom_0luqc1q._.js:9449:40)
    at renderRootSync (http://localhost:3000/_next/static/chunks/0im5_next_dist_compiled_react-dom_0luqc1q._.js:9433:13)
    at performWorkOnRoot (http://localhost:3000/_next/static/chunks/0im5_next_dist_compiled_react-dom_0luqc1q._.js:9061:186)
    at performSyncWorkOnRoot (http://localhost:3000/_next/static/chunks/0im5_next_dist_compiled_react-dom_0luqc1q._.js:10263:9)
    at flushSyncWorkAcrossRoots_impl (http://localhost:3000/_next/static/chunks/0im5_next_dist_compiled_react-dom_0luqc1q._.js:10179:316)
    at processRootScheduleInMicrotask (http://localhost:3000/_next/static/chunks/0im5_next_dist_compiled_react-dom_0luqc1q._.js:10200:106)
    at http://localhost:3000/_next/static/chunks/0im5_next_dist_compiled_react-dom_0luqc1q._.js:10274:158
