[     124ms] [INFO] %cDownload the React DevTools for a better development experience: https://react.dev/link/react-devtools font-weight:bold @ http://localhost:3000/_next/static/chunks/0im5_next_dist_0~_dl5p._.js:2431
[     137ms] [LOG] [HMR] connected @ http://localhost:3000/_next/static/chunks/0im5_next_dist_0~_dl5p._.js:2431
[  187865ms] [LOG] [Fast Refresh] rebuilding @ http://localhost:3000/_next/static/chunks/0im5_next_dist_0~_dl5p._.js:2431
[  187887ms] [LOG] [Fast Refresh] done in 109ms @ http://localhost:3000/_next/static/chunks/0im5_next_dist_0~_dl5p._.js:2431
[  187999ms] [LOG] [Fast Refresh] rebuilding @ http://localhost:3000/_next/static/chunks/0im5_next_dist_0~_dl5p._.js:2431
[  188321ms] [LOG] [Fast Refresh] done in 432ms @ http://localhost:3000/_next/static/chunks/0im5_next_dist_0~_dl5p._.js:2431
[  231941ms] [LOG] [Fast Refresh] rebuilding @ http://localhost:3000/_next/static/chunks/0im5_next_dist_0~_dl5p._.js:2431
[  231950ms] [LOG] DEBUG B580 Benchmarks: {timeSpy: 14665, portRoyal: 7066, speedWay: 2881} @ http://localhost:3000/_next/static/chunks/0im5_next_dist_0~_dl5p._.js:2431
[  231951ms] [LOG] DEBUG B580 VRAM: {vramCapacity: 12, vramType: gddr6, busWidth: 192} @ http://localhost:3000/_next/static/chunks/0im5_next_dist_0~_dl5p._.js:2431
[  231951ms] [LOG] DEBUG B580 Chip: {tflops: 13.67, coreClock: 2670} @ http://localhost:3000/_next/static/chunks/0im5_next_dist_0~_dl5p._.js:2431
[  231952ms] [LOG] DEBUG B580 Total: {benchmarkTotal: 1545.0947368421052, vramTotal: 975, chipTotal: 513.35, totalPoints: 3033.444736842105} @ http://localhost:3000/_next/static/chunks/0im5_next_dist_0~_dl5p._.js:2431
[  231960ms] [LOG] DEBUG B580 Benchmarks: {timeSpy: 14665, portRoyal: 7066, speedWay: 2881} @ http://localhost:3000/_next/static/chunks/0im5_next_dist_0~_dl5p._.js:2431
[  231961ms] [LOG] DEBUG B580 VRAM: {vramCapacity: 12, vramType: gddr6, busWidth: 192} @ http://localhost:3000/_next/static/chunks/0im5_next_dist_0~_dl5p._.js:2431
[  231961ms] [LOG] DEBUG B580 Chip: {tflops: 13.67, coreClock: 2670} @ http://localhost:3000/_next/static/chunks/0im5_next_dist_0~_dl5p._.js:2431
[  231961ms] [LOG] DEBUG B580 Total: {benchmarkTotal: 1545.0947368421052, vramTotal: 975, chipTotal: 513.35, totalPoints: 3033.444736842105} @ http://localhost:3000/_next/static/chunks/0im5_next_dist_0~_dl5p._.js:2431
[  231964ms] [LOG] [Fast Refresh] done in 93ms @ http://localhost:3000/_next/static/chunks/0im5_next_dist_0~_dl5p._.js:2431
[  232080ms] [LOG] [Fast Refresh] rebuilding @ http://localhost:3000/_next/static/chunks/0im5_next_dist_0~_dl5p._.js:2431
[  232351ms] [LOG] [Fast Refresh] done in 372ms @ http://localhost:3000/_next/static/chunks/0im5_next_dist_0~_dl5p._.js:2431
[  232406ms] [LOG] DEBUG B580 Benchmarks: {timeSpy: 14665, portRoyal: 7066, speedWay: 2881} @ http://localhost:3000/_next/static/chunks/0im5_next_dist_0~_dl5p._.js:2431
[  232406ms] [LOG] DEBUG B580 VRAM: {vramCapacity: 12, vramType: gddr6, busWidth: 192} @ http://localhost:3000/_next/static/chunks/0im5_next_dist_0~_dl5p._.js:2431
[  232406ms] [LOG] DEBUG B580 Chip: {tflops: 13.67, coreClock: 2670} @ http://localhost:3000/_next/static/chunks/0im5_next_dist_0~_dl5p._.js:2431
[  232407ms] [LOG] DEBUG B580 Total: {benchmarkTotal: 1545.0947368421052, vramTotal: 975, chipTotal: 513.35, totalPoints: 3033.444736842105} @ http://localhost:3000/_next/static/chunks/0im5_next_dist_0~_dl5p._.js:2431
