[     131ms] [INFO] %cDownload the React DevTools for a better development experience: https://react.dev/link/react-devtools font-weight:bold @ http://localhost:3000/_next/static/chunks/0im5_next_dist_0~_dl5p._.js:2431
[     153ms] [LOG] [HMR] connected @ http://localhost:3000/_next/static/chunks/0im5_next_dist_0~_dl5p._.js:2431
[  822875ms] [LOG] [Fast Refresh] rebuilding @ http://localhost:3000/_next/static/chunks/0im5_next_dist_0~_dl5p._.js:2431
[  822895ms] [LOG] [Fast Refresh] done in 90ms @ http://localhost:3000/_next/static/chunks/0im5_next_dist_0~_dl5p._.js:2431
[  823003ms] [LOG] [Fast Refresh] rebuilding @ http://localhost:3000/_next/static/chunks/0im5_next_dist_0~_dl5p._.js:2431
[  823217ms] [LOG] [Fast Refresh] done in 318ms @ http://localhost:3000/_next/static/chunks/0im5_next_dist_0~_dl5p._.js:2431
[  853293ms] [LOG] [Fast Refresh] rebuilding @ http://localhost:3000/_next/static/chunks/0im5_next_dist_0~_dl5p._.js:2431
[  853312ms] [LOG] [Fast Refresh] done in 82ms @ http://localhost:3000/_next/static/chunks/0im5_next_dist_0~_dl5p._.js:2431
[  853418ms] [LOG] [Fast Refresh] rebuilding @ http://localhost:3000/_next/static/chunks/0im5_next_dist_0~_dl5p._.js:2431
[  853598ms] [LOG] [Fast Refresh] done in 286ms @ http://localhost:3000/_next/static/chunks/0im5_next_dist_0~_dl5p._.js:2431
[  867416ms] [LOG] [Fast Refresh] rebuilding @ http://localhost:3000/_next/static/chunks/0im5_next_dist_0~_dl5p._.js:2431
[  867433ms] [LOG] [Fast Refresh] done in 87ms @ http://localhost:3000/_next/static/chunks/0im5_next_dist_0~_dl5p._.js:2431
[  867534ms] [LOG] [Fast Refresh] rebuilding @ http://localhost:3000/_next/static/chunks/0im5_next_dist_0~_dl5p._.js:2431
[  867676ms] [LOG] [Fast Refresh] done in 242ms @ http://localhost:3000/_next/static/chunks/0im5_next_dist_0~_dl5p._.js:2431
[  867780ms] [LOG] [Fast Refresh] rebuilding @ http://localhost:3000/_next/static/chunks/0im5_next_dist_0~_dl5p._.js:2431
[  867807ms] [LOG] [Fast Refresh] done in 130ms @ http://localhost:3000/_next/static/chunks/0im5_next_dist_0~_dl5p._.js:2431
[  874502ms] [LOG] [Fast Refresh] rebuilding @ http://localhost:3000/_next/static/chunks/0im5_next_dist_0~_dl5p._.js:2431
[  874519ms] [LOG] [Fast Refresh] done in 84ms @ http://localhost:3000/_next/static/chunks/0im5_next_dist_0~_dl5p._.js:2431
[  874624ms] [LOG] [Fast Refresh] rebuilding @ http://localhost:3000/_next/static/chunks/0im5_next_dist_0~_dl5p._.js:2431
[  874790ms] [LOG] [Fast Refresh] done in 270ms @ http://localhost:3000/_next/static/chunks/0im5_next_dist_0~_dl5p._.js:2431
[  884788ms] [LOG] [Fast Refresh] rebuilding @ http://localhost:3000/_next/static/chunks/0im5_next_dist_0~_dl5p._.js:2431
[  885121ms] [LOG] [Fast Refresh] done in 81ms @ http://localhost:3000/_next/static/chunks/0im5_next_dist_0~_dl5p._.js:2431
[  910352ms] [LOG] [Fast Refresh] rebuilding @ http://localhost:3000/_next/static/chunks/0im5_next_dist_0~_dl5p._.js:2431
[  910366ms] [LOG] [Fast Refresh] done in 87ms @ http://localhost:3000/_next/static/chunks/0im5_next_dist_0~_dl5p._.js:2431
[  910471ms] [LOG] [Fast Refresh] rebuilding @ http://localhost:3000/_next/static/chunks/0im5_next_dist_0~_dl5p._.js:2431
[  910623ms] [LOG] [Fast Refresh] done in 257ms @ http://localhost:3000/_next/static/chunks/0im5_next_dist_0~_dl5p._.js:2431
[  910727ms] [LOG] [Fast Refresh] rebuilding @ http://localhost:3000/_next/static/chunks/0im5_next_dist_0~_dl5p._.js:2431
[  910735ms] [LOG] [Fast Refresh] done in 111ms @ http://localhost:3000/_next/static/chunks/0im5_next_dist_0~_dl5p._.js:2431
[ 1430496ms] [LOG] [Fast Refresh] rebuilding @ http://localhost:3000/_next/static/chunks/0im5_next_dist_0~_dl5p._.js:2431
[ 1430602ms] [LOG] [Fast Refresh] done in 219ms @ http://localhost:3000/_next/static/chunks/0im5_next_dist_0~_dl5p._.js:2431
[ 2163995ms] [LOG] [Fast Refresh] rebuilding @ http://localhost:3000/_next/static/chunks/0im5_next_dist_0~_dl5p._.js:2431
[ 2164211ms] [LOG] [Fast Refresh] done in 300ms @ http://localhost:3000/_next/static/chunks/0im5_next_dist_0~_dl5p._.js:2431
[ 2164314ms] [LOG] [Fast Refresh] rebuilding @ http://localhost:3000/_next/static/chunks/0im5_next_dist_0~_dl5p._.js:2431
[ 2164650ms] [LOG] [Fast Refresh] done in 438ms @ http://localhost:3000/_next/static/chunks/0im5_next_dist_0~_dl5p._.js:2431
[ 2164885ms] TypeError: Cannot read properties of undefined (reading 'some')
    at calculateTechnologiesScore (http://localhost:3000/_next/static/chunks/src_0i3~ne9._.js?id=%255Bproject%255D%252Fsrc%252Flib%252Fscoring%252Fcalculations%252Fgpu%252Ftechnologies.ts+%255Bapp-client%255D+%2528ecmascript%2529:61:206)
    at calculateGpuNotes (http://localhost:3000/_next/static/chunks/src_0i3~ne9._.js?id=%255Bproject%255D%252Fsrc%252Flib%252Fscoring%252Fcalculations%252Fgpu%252Fgpu.ts+%255Bapp-client%255D+%2528ecmascript%2529:26:220)
    at getComponentNotes (http://localhost:3000/_next/static/chunks/src_0i3~ne9._.js:3700:196)
    at NotesCard (http://localhost:3000/_next/static/chunks/src_0i3~ne9._.js:3805:198)
    at Object.react_stack_bottom_frame (http://localhost:3000/_next/static/chunks/0im5_next_dist_compiled_react-dom_0luqc1q._.js:15037:24)
    at renderWithHooks (http://localhost:3000/_next/static/chunks/0im5_next_dist_compiled_react-dom_0luqc1q._.js:4620:24)
    at updateFunctionComponent (http://localhost:3000/_next/static/chunks/0im5_next_dist_compiled_react-dom_0luqc1q._.js:6081:21)
    at beginWork (http://localhost:3000/_next/static/chunks/0im5_next_dist_compiled_react-dom_0luqc1q._.js:6691:24)
    at runWithFiberInDEV (http://localhost:3000/_next/static/chunks/0im5_next_dist_compiled_react-dom_0luqc1q._.js:965:74)
    at performUnitOfWork (http://localhost:3000/_next/static/chunks/0im5_next_dist_compiled_react-dom_0luqc1q._.js:9555:97)
    at workLoopSync (http://localhost:3000/_next/static/chunks/0im5_next_dist_compiled_react-dom_0luqc1q._.js:9449:40)
    at renderRootSync (http://localhost:3000/_next/static/chunks/0im5_next_dist_compiled_react-dom_0luqc1q._.js:9433:13)
    at performWorkOnRoot (http://localhost:3000/_next/static/chunks/0im5_next_dist_compiled_react-dom_0luqc1q._.js:9061:186)
    at performSyncWorkOnRoot (http://localhost:3000/_next/static/chunks/0im5_next_dist_compiled_react-dom_0luqc1q._.js:10263:9)
    at flushSyncWorkAcrossRoots_impl (http://localhost:3000/_next/static/chunks/0im5_next_dist_compiled_react-dom_0luqc1q._.js:10179:316)
    at processRootScheduleInMicrotask (http://localhost:3000/_next/static/chunks/0im5_next_dist_compiled_react-dom_0luqc1q._.js:10200:106)
    at http://localhost:3000/_next/static/chunks/0im5_next_dist_compiled_react-dom_0luqc1q._.js:10274:158
[ 2181020ms] [LOG] [Fast Refresh] rebuilding @ http://localhost:3000/_next/static/chunks/0im5_next_dist_0~_dl5p._.js:2431
[ 2181031ms] [WARNING] [Fast Refresh] performing full reload because your application had an unrecoverable error @ http://localhost:3000/_next/static/chunks/0im5_next_dist_0~_dl5p._.js:2431
[ 2181087ms] [LOG] [Fast Refresh] done in 117ms @ http://localhost:3000/_next/static/chunks/0im5_next_dist_0~_dl5p._.js:2431
[ 2181230ms] [LOG] [Fast Refresh] rebuilding @ http://localhost:3000/_next/static/chunks/0im5_next_dist_0~_dl5p._.js:2431
[ 2181640ms] [LOG] [Fast Refresh] done in 547ms @ http://localhost:3000/_next/static/chunks/0im5_next_dist_0~_dl5p._.js:2431
[ 2181963ms] [INFO] %cDownload the React DevTools for a better development experience: https://react.dev/link/react-devtools font-weight:bold @ http://localhost:3000/_next/static/chunks/0im5_next_dist_0~_dl5p._.js:2431
[ 2182014ms] [LOG] [HMR] connected @ http://localhost:3000/_next/static/chunks/0im5_next_dist_0~_dl5p._.js:2431
[ 2365938ms] [LOG] [Fast Refresh] rebuilding @ http://localhost:3000/_next/static/chunks/0im5_next_dist_0~_dl5p._.js:2431
[ 2365956ms] [LOG] [Fast Refresh] done in 97ms @ http://localhost:3000/_next/static/chunks/0im5_next_dist_0~_dl5p._.js:2431
[ 2366058ms] [LOG] [Fast Refresh] rebuilding @ http://localhost:3000/_next/static/chunks/0im5_next_dist_0~_dl5p._.js:2431
[ 2366284ms] [LOG] [Fast Refresh] done in 326ms @ http://localhost:3000/_next/static/chunks/0im5_next_dist_0~_dl5p._.js:2431
[ 2376206ms] [LOG] [Fast Refresh] rebuilding @ http://localhost:3000/_next/static/chunks/0im5_next_dist_0~_dl5p._.js:2431
[ 2376287ms] [LOG] [Fast Refresh] done in 181ms @ http://localhost:3000/_next/static/chunks/0im5_next_dist_0~_dl5p._.js:2431
